
*** Running vivado
    with args -log binary2bcd_double_dabble.vds -m64 -product Vivado -mode batch -messageDb vivado.pb -notrace -source binary2bcd_double_dabble.tcl


****** Vivado v2022.1 (64-bit)
  **** SW Build 3526262 on Mon Apr 18 15:47:01 MDT 2022
  **** IP Build 3524634 on Mon Apr 18 20:55:01 MDT 2022
    ** Copyright 1986-2022 Xilinx, Inc. All Rights Reserved.

source binary2bcd_double_dabble.tcl -notrace
Command: synth_design -top binary2bcd_double_dabble -part xc7z020clg400-1
Starting synth_design
Attempting to get a license for feature 'Synthesis' and/or device 'xc7z020'
INFO: [Common 17-349] Got license for feature 'Synthesis' and/or device 'xc7z020'
INFO: [Device 21-403] Loading part xc7z020clg400-1
INFO: [Synth 8-7079] Multithreading enabled for synth_design using a maximum of 4 processes.
INFO: [Synth 8-7078] Launching helper process for spawning children vivado processes
INFO: [Synth 8-7075] Helper process launched with PID 6196
---------------------------------------------------------------------------------
Starting RTL Elaboration : Time (s): cpu = 00:00:02 ; elapsed = 00:00:04 . Memory (MB): peak = 2903.078 ; gain = 0.000 ; free physical = 858 ; free virtual = 5619
---------------------------------------------------------------------------------
INFO: [Synth 8-6157] synthesizing module 'binary2bcd_double_dabble' [/home/ubuntu/Downloads/binary2bcd_double_dabble.v:1]
INFO: [Synth 8-6155] done synthesizing module 'binary2bcd_double_dabble' (0#1) [/home/ubuntu/Downloads/binary2bcd_double_dabble.v:1]
WARNING: [Synth 8-3917] design binary2bcd_double_dabble has port unpacked_bcd[15] driven by constant 0
WARNING: [Synth 8-3917] design binary2bcd_double_dabble has port unpacked_bcd[14] driven by constant 0
WARNING: [Synth 8-3917] design binary2bcd_double_dabble has port unpacked_bcd[13] driven by constant 0
WARNING: [Synth 8-3917] design binary2bcd_double_dabble has port unpacked_bcd[12] driven by constant 0
WARNING: [Synth 8-3917] design binary2bcd_double_dabble has port unpacked_bcd[7] driven by constant 0
WARNING: [Synth 8-3917] design binary2bcd_double_dabble has port unpacked_bcd[6] driven by constant 0
WARNING: [Synth 8-3917] design binary2bcd_double_dabble has port unpacked_bcd[5] driven by constant 0
WARNING: [Synth 8-3917] design binary2bcd_double_dabble has port unpacked_bcd[4] driven by constant 0
---------------------------------------------------------------------------------
Finished RTL Elaboration : Time (s): cpu = 00:00:02 ; elapsed = 00:00:06 . Memory (MB): peak = 2903.078 ; gain = 0.000 ; free physical = 1910 ; free virtual = 6679
---------------------------------------------------------------------------------
---------------------------------------------------------------------------------
Start Handling Custom Attributes
---------------------------------------------------------------------------------
---------------------------------------------------------------------------------
Finished Handling Custom Attributes : Time (s): cpu = 00:00:02 ; elapsed = 00:00:06 . Memory (MB): peak = 2903.078 ; gain = 0.000 ; free physical = 1884 ; free virtual = 6654
---------------------------------------------------------------------------------
---------------------------------------------------------------------------------
Finished RTL Optimization Phase 1 : Time (s): cpu = 00:00:02 ; elapsed = 00:00:06 . Memory (MB): peak = 2903.078 ; gain = 0.000 ; free physical = 1884 ; free virtual = 6653
---------------------------------------------------------------------------------
Netlist sorting complete. Time (s): cpu = 00:00:00 ; elapsed = 00:00:00 . Memory (MB): peak = 2903.078 ; gain = 0.000 ; free physical = 1879 ; free virtual = 6649
INFO: [Project 1-570] Preparing netlist for logic optimization

Processing XDC Constraints
Initializing timing engine
Parsing XDC File [/home/ubuntu/Desktop/project_1/project_1.srcs/constrs_1/new/constraints.xdc]
WARNING: [Vivado 12-584] No ports matched 'clk'. [/home/ubuntu/Desktop/project_1/project_1.srcs/constrs_1/new/constraints.xdc:1]
CRITICAL WARNING: [Vivado 12-4739] create_clock:No valid object(s) found for '-objects [get_ports clk]'. [/home/ubuntu/Desktop/project_1/project_1.srcs/constrs_1/new/constraints.xdc:1]
Resolution: Check if the specified object(s) exists in the current design. If it does, ensure that the correct design hierarchy was specified for the object. If you are working with clocks, make sure create_clock was used to create the clock object before it is referenced.
Finished Parsing XDC File [/home/ubuntu/Desktop/project_1/project_1.srcs/constrs_1/new/constraints.xdc]
Completed Processing XDC Constraints

Netlist sorting complete. Time (s): cpu = 00:00:00 ; elapsed = 00:00:00 . Memory (MB): peak = 2919.086 ; gain = 0.000 ; free physical = 1842 ; free virtual = 6626
INFO: [Project 1-111] Unisim Transformation Summary:
No Unisim elements were transformed.

Constraint Validation Runtime : Time (s): cpu = 00:00:00 ; elapsed = 00:00:00 . Memory (MB): peak = 2919.086 ; gain = 0.000 ; free physical = 1841 ; free virtual = 6626
---------------------------------------------------------------------------------
Finished Constraint Validation : Time (s): cpu = 00:00:06 ; elapsed = 00:00:10 . Memory (MB): peak = 2919.086 ; gain = 16.008 ; free physical = 1904 ; free virtual = 6689
---------------------------------------------------------------------------------
---------------------------------------------------------------------------------
Start Loading Part and Timing Information
---------------------------------------------------------------------------------
Loading part: xc7z020clg400-1
---------------------------------------------------------------------------------
Finished Loading Part and Timing Information : Time (s): cpu = 00:00:06 ; elapsed = 00:00:10 . Memory (MB): peak = 2919.086 ; gain = 16.008 ; free physical = 1904 ; free virtual = 6689
---------------------------------------------------------------------------------
---------------------------------------------------------------------------------
Start Applying 'set_property' XDC Constraints
---------------------------------------------------------------------------------
---------------------------------------------------------------------------------
Finished applying 'set_property' XDC Constraints : Time (s): cpu = 00:00:06 ; elapsed = 00:00:10 . Memory (MB): peak = 2919.086 ; gain = 16.008 ; free physical = 1904 ; free virtual = 6689
---------------------------------------------------------------------------------
---------------------------------------------------------------------------------
Finished RTL Optimization Phase 2 : Time (s): cpu = 00:00:06 ; elapsed = 00:00:11 . Memory (MB): peak = 2919.086 ; gain = 16.008 ; free physical = 1900 ; free virtual = 6688
---------------------------------------------------------------------------------
---------------------------------------------------------------------------------
Start RTL Component Statistics 
---------------------------------------------------------------------------------
Detailed RTL Component Info : 
+---Adders : 
	   2 Input    4 Bit       Adders := 5     
+---Muxes : 
	   2 Input    4 Bit        Muxes := 5     
---------------------------------------------------------------------------------
Finished RTL Component Statistics 
---------------------------------------------------------------------------------
---------------------------------------------------------------------------------
Start Part Resource Summary
---------------------------------------------------------------------------------
Part Resources:
DSPs: 220 (col length:60)
BRAMs: 280 (col length: RAMB18 60 RAMB36 30)
---------------------------------------------------------------------------------
Finished Part Resource Summary
---------------------------------------------------------------------------------
---------------------------------------------------------------------------------
Start Cross Boundary and Area Optimization
---------------------------------------------------------------------------------
WARNING: [Synth 8-7080] Parallel synthesis criteria is not met
WARNING: [Synth 8-3917] design binary2bcd_double_dabble has port unpacked_bcd[15] driven by constant 0
WARNING: [Synth 8-3917] design binary2bcd_double_dabble has port unpacked_bcd[14] driven by constant 0
WARNING: [Synth 8-3917] design binary2bcd_double_dabble has port unpacked_bcd[13] driven by constant 0
WARNING: [Synth 8-3917] design binary2bcd_double_dabble has port unpacked_bcd[12] driven by constant 0
WARNING: [Synth 8-3917] design binary2bcd_double_dabble has port unpacked_bcd[7] driven by constant 0
WARNING: [Synth 8-3917] design binary2bcd_double_dabble has port unpacked_bcd[6] driven by constant 0
WARNING: [Synth 8-3917] design binary2bcd_double_dabble has port unpacked_bcd[5] driven by constant 0
WARNING: [Synth 8-3917] design binary2bcd_double_dabble has port unpacked_bcd[4] driven by constant 0
---------------------------------------------------------------------------------
Finished Cross Boundary and Area Optimization : Time (s): cpu = 00:00:07 ; elapsed = 00:00:11 . Memory (MB): peak = 2919.086 ; gain = 16.008 ; free physical = 1862 ; free virtual = 6658
---------------------------------------------------------------------------------
---------------------------------------------------------------------------------
Start Applying XDC Timing Constraints
---------------------------------------------------------------------------------
---------------------------------------------------------------------------------
Finished Applying XDC Timing Constraints : Time (s): cpu = 00:00:09 ; elapsed = 00:00:15 . Memory (MB): peak = 2919.086 ; gain = 16.008 ; free physical = 1746 ; free virtual = 6550
---------------------------------------------------------------------------------
---------------------------------------------------------------------------------
Start Timing Optimization
---------------------------------------------------------------------------------
---------------------------------------------------------------------------------
Finished Timing Optimization : Time (s): cpu = 00:00:09 ; elapsed = 00:00:15 . Memory (MB): peak = 2919.086 ; gain = 16.008 ; free physical = 1746 ; free virtual = 6550
---------------------------------------------------------------------------------
---------------------------------------------------------------------------------
Start Technology Mapping
---------------------------------------------------------------------------------
---------------------------------------------------------------------------------
Finished Technology Mapping : Time (s): cpu = 00:00:09 ; elapsed = 00:00:15 . Memory (MB): peak = 2919.086 ; gain = 16.008 ; free physical = 1733 ; free virtual = 6537
---------------------------------------------------------------------------------
---------------------------------------------------------------------------------
Start IO Insertion
---------------------------------------------------------------------------------
---------------------------------------------------------------------------------
Start Flattening Before IO Insertion
---------------------------------------------------------------------------------
---------------------------------------------------------------------------------
Finished Flattening Before IO Insertion
---------------------------------------------------------------------------------
---------------------------------------------------------------------------------
Start Final Netlist Cleanup
---------------------------------------------------------------------------------
---------------------------------------------------------------------------------
Finished Final Netlist Cleanup
---------------------------------------------------------------------------------
---------------------------------------------------------------------------------
Finished IO Insertion : Time (s): cpu = 00:00:10 ; elapsed = 00:00:16 . Memory (MB): peak = 2919.086 ; gain = 16.008 ; free physical = 1733 ; free virtual = 6537
---------------------------------------------------------------------------------
---------------------------------------------------------------------------------
Start Renaming Generated Instances
---------------------------------------------------------------------------------
---------------------------------------------------------------------------------
Finished Renaming Generated Instances : Time (s): cpu = 00:00:10 ; elapsed = 00:00:16 . Memory (MB): peak = 2919.086 ; gain = 16.008 ; free physical = 1733 ; free virtual = 6537
---------------------------------------------------------------------------------
---------------------------------------------------------------------------------
Start Rebuilding User Hierarchy
---------------------------------------------------------------------------------
---------------------------------------------------------------------------------
Finished Rebuilding User Hierarchy : Time (s): cpu = 00:00:10 ; elapsed = 00:00:17 . Memory (MB): peak = 2919.086 ; gain = 16.008 ; free physical = 1733 ; free virtual = 6537
---------------------------------------------------------------------------------
---------------------------------------------------------------------------------
Start Renaming Generated Ports
---------------------------------------------------------------------------------
---------------------------------------------------------------------------------
Finished Renaming Generated Ports : Time (s): cpu = 00:00:10 ; elapsed = 00:00:17 . Memory (MB): peak = 2919.086 ; gain = 16.008 ; free physical = 1733 ; free virtual = 6537
---------------------------------------------------------------------------------
---------------------------------------------------------------------------------
Start Handling Custom Attributes
---------------------------------------------------------------------------------
---------------------------------------------------------------------------------
Finished Handling Custom Attributes : Time (s): cpu = 00:00:10 ; elapsed = 00:00:17 . Memory (MB): peak = 2919.086 ; gain = 16.008 ; free physical = 1733 ; free virtual = 6537
---------------------------------------------------------------------------------
---------------------------------------------------------------------------------
Start Renaming Generated Nets
---------------------------------------------------------------------------------
---------------------------------------------------------------------------------
Finished Renaming Generated Nets : Time (s): cpu = 00:00:10 ; elapsed = 00:00:17 . Memory (MB): peak = 2919.086 ; gain = 16.008 ; free physical = 1733 ; free virtual = 6537
---------------------------------------------------------------------------------
---------------------------------------------------------------------------------
Start Writing Synthesis Report
---------------------------------------------------------------------------------

Report BlackBoxes: 
+-+--------------+----------+
| |BlackBox name |Instances |
+-+--------------+----------+
+-+--------------+----------+

Report Cell Usage: 
+------+-----+------+
|      |Cell |Count |
+------+-----+------+
|1     |LUT4 |     1|
|2     |LUT5 |     7|
|3     |LUT6 |     1|
|4     |IBUF |     8|
|5     |OBUF |    24|
+------+-----+------+
---------------------------------------------------------------------------------
Finished Writing Synthesis Report : Time (s): cpu = 00:00:10 ; elapsed = 00:00:17 . Memory (MB): peak = 2919.086 ; gain = 16.008 ; free physical = 1733 ; free virtual = 6537
---------------------------------------------------------------------------------
Synthesis finished with 0 errors, 0 critical warnings and 9 warnings.
Synthesis Optimization Runtime : Time (s): cpu = 00:00:09 ; elapsed = 00:00:15 . Memory (MB): peak = 2919.086 ; gain = 0.000 ; free physical = 1794 ; free virtual = 6599
Synthesis Optimization Complete : Time (s): cpu = 00:00:10 ; elapsed = 00:00:17 . Memory (MB): peak = 2919.094 ; gain = 16.008 ; free physical = 1794 ; free virtual = 6599
INFO: [Project 1-571] Translating synthesized netlist
Netlist sorting complete. Time (s): cpu = 00:00:00 ; elapsed = 00:00:00 . Memory (MB): peak = 2919.094 ; gain = 0.000 ; free physical = 1785 ; free virtual = 6590
INFO: [Project 1-570] Preparing netlist for logic optimization
INFO: [Opt 31-138] Pushed 0 inverter(s) to 0 load pin(s).
Netlist sorting complete. Time (s): cpu = 00:00:00 ; elapsed = 00:00:00 . Memory (MB): peak = 2919.094 ; gain = 0.000 ; free physical = 1831 ; free virtual = 6639
INFO: [Project 1-111] Unisim Transformation Summary:
No Unisim elements were transformed.

Synth Design complete, checksum: f0cb1c46
INFO: [Common 17-83] Releasing license: Synthesis
14 Infos, 18 Warnings, 1 Critical Warnings and 0 Errors encountered.
synth_design completed successfully
synth_design: Time (s): cpu = 00:00:16 ; elapsed = 00:00:21 . Memory (MB): peak = 2919.094 ; gain = 16.016 ; free physical = 2029 ; free virtual = 6837
INFO: [runtcl-6] Synthesis results are not added to the cache due to CRITICAL_WARNING
INFO: [Common 17-1381] The checkpoint '/home/ubuntu/Desktop/project_1/project_1.runs/synth_1/binary2bcd_double_dabble.dcp' has been generated.
INFO: [runtcl-4] Executing : report_utilization -file binary2bcd_double_dabble_utilization_synth.rpt -pb binary2bcd_double_dabble_utilization_synth.pb
INFO: [Common 17-206] Exiting Vivado at Mon Feb 10 08:05:32 2025...
